2026-05-23T21:10:19.7990795Z,Updating submodules.,ecb9852c-1692-4ea0-838b-62358a43dc4e,0
2026-05-23T21:10:19.8303269Z,Preparing deployment for commit id 'e83880ba67'.,ca34ee51-ef90-422a-b5d7-0a8903c747ca,0
2026-05-23T21:10:19.8772014Z,Running build. Project type: OneDeploy,95100781-a544-4341-bc5a-c7d4b55d4a1a,0
2026-05-23T21:10:19.8928315Z,Copying the manifest,de3e5135-cb76-4bb8-b884-268d470f2c21,0
2026-05-23T21:10:19.9084548Z,Clean deploying to C:\home\site\wwwroot,a866e633-dba5-4fe6-b205-b35755a08ca6,0
2026-05-23T21:10:19.9240759Z,Generating deployment script.,a22b0b2f-ead1-4eaa-a91e-7fb81545de5a,0
	2026-05-23T21:10:19.9709546Z,Using cached version of deployment script (command: 'azure -y --no-dot-deployment -r "C:\local\Temp\zipdeploy\extracted" -o "C:\home\site\deployments\tools" --basic --sitePath "C:\local\Temp\zipdeploy\extracted"').,,0
2026-05-23T21:10:20.0022053Z,Running deployment command...,d4849992-4512-40f9-802b-e64b54ece85e,0
	2026-05-23T21:10:20.0178322Z,Command: "C:\home\site\deployments\tools\deploy.cmd",,0
	2026-05-23T21:10:20.1428330Z,Handling Basic Web Site deployment.,,0
	2026-05-23T21:10:20.2990830Z,Creating app_offline.htm,,0
	2026-05-23T21:10:20.2990830Z,KuduSync.NET from: 'C:\local\Temp\zipdeploy\extracted' to: 'C:\home\site\wwwroot',,0
	2026-05-23T21:10:20.3146995Z,Deleting file: 'logs\stdout_20260523210336_7624.log',,0
	2026-05-23T21:10:20.3146995Z,Deleting file: 'logs\stdout_20260523210619_4700.log',,0
	2026-05-23T21:10:20.3303243Z,Deleting directory: 'logs',,0
	2026-05-23T21:10:20.3303243Z,Copying file: 'Api.PayBySharePay.deps.json',,0
	2026-05-23T21:10:20.3303243Z,Copying file: 'Api.PayBySharePay.dll',,0
	2026-05-23T21:10:20.3459497Z,Copying file: 'Api.PayBySharePay.exe',,0
	2026-05-23T21:10:20.3459497Z,Copying file: 'Api.PayBySharePay.pdb',,0
	2026-05-23T21:10:20.3459497Z,Copying file: 'Api.PayBySharePay.runtimeconfig.json',,0
	2026-05-23T21:10:20.3615735Z,Copying file: 'Azure.Core.dll',,0
	2026-05-23T21:10:20.3615735Z,Copying file: 'Azure.Identity.dll',,0
	2026-05-23T21:10:20.3771985Z,Copying file: 'DataStorage.PayBySharePay.dll',,0
	2026-05-23T21:10:20.3771985Z,Copying file: 'DataStorage.PayBySharePay.pdb',,0
	2026-05-23T21:10:20.3771985Z,Copying file: 'Microsoft.Bcl.AsyncInterfaces.dll',,0
	2026-05-23T21:10:20.3928291Z,Copying file: 'Microsoft.Extensions.Configuration.Abstractions.dll',,0
	2026-05-23T21:10:20.3928291Z,Copying file: 'Microsoft.Extensions.DependencyInjection.Abstractions.dll',,0
	2026-05-23T21:10:20.4084491Z,Copying file: 'Microsoft.Extensions.Diagnostics.Abstractions.dll',,0
	2026-05-23T21:10:20.4084491Z,Copying file: 'Microsoft.Extensions.FileProviders.Abstractions.dll',,0
	2026-05-23T21:10:20.4240779Z,Copying file: 'Microsoft.Extensions.Hosting.Abstractions.dll',,0
	2026-05-23T21:10:22.5646881Z,Copying file: 'Microsoft.Extensions.Logging.Abstractions.dll',,0
	2026-05-23T21:10:22.5803187Z,Copying file: 'Microsoft.Extensions.Options.dll',,0
	2026-05-23T21:10:22.5803187Z,Copying file: 'Microsoft.Extensions.Primitives.dll',,0
	2026-05-23T21:10:22.5803187Z,Copying file: 'Microsoft.Identity.Client.dll',,0
	2026-05-23T21:10:22.5959375Z,Copying file: 'Microsoft.Identity.Client.Extensions.Msal.dll',,0
	2026-05-23T21:10:22.5959375Z,Copying file: 'Microsoft.IdentityModel.Abstractions.dll',,0
	2026-05-23T21:10:22.6115639Z,Copying file: 'Service.PayBySharePay.dll',,0
	2026-05-23T21:10:22.6115639Z,Copying file: 'Service.PayBySharePay.pdb',,0
	2026-05-23T21:10:22.6115639Z,Copying file: 'System.ClientModel.dll',,0
	2026-05-23T21:10:22.6271875Z,Copying file: 'System.Diagnostics.DiagnosticSource.dll',,0
	2026-05-23T21:10:22.6271875Z,Copying file: 'System.IO.Pipelines.dll',,0
	2026-05-23T21:10:22.6271875Z,Copying file: 'System.Memory.Data.dll',,0
	2026-05-23T21:10:22.6428186Z,Copying file: 'System.Text.Encodings.Web.dll',,0
	2026-05-23T21:10:22.6428186Z,Copying file: 'System.Text.Json.dll',,0
	2026-05-23T21:10:22.6584368Z,Copying file: 'runtimes\browser\lib\net8.0\System.Text.Encodings.Web.dll',,0
	2026-05-23T21:10:22.6584368Z,Copying file: 'runtimes\win\lib\net9.0\System.Text.Encodings.Web.dll',,0
	2026-05-23T21:10:22.6584368Z,Deleting app_offline.htm,,0
	2026-05-23T21:10:22.6740621Z,Finished successfully.,,0
2026-05-23T21:10:22.6896869Z,Build completed succesfully.,b0574a81-c2c3-406f-8deb-83f702e9fcb9,0
2026-05-23T21:10:22.7053122Z,Running post deployment command(s)...,0c736adf-ab69-42ba-a207-d6094154b03d,0
2026-05-23T21:10:22.7209444Z,Requesting site restart,eaacb873-fbb0-4726-bc69-490512d63f3e,0
2026-05-23T21:10:22.7521873Z,Requesting site restart. Attempt #1,7d081a63-42de-43f1-bb12-1fec24d93985,0
2026-05-23T21:10:23.0490633Z,Successfully requested a restart. Attempt #1,b645e9c5-e0ba-4cf7-8a26-cb0c72428ea0,0
2026-05-23T21:10:23.0646902Z,Deployment successful.,e2ff3a8e-d0a2-4118-9701-98c306d93c7c,0
