2026-05-23T21:27:05.2629679Z,Updating submodules.,6877d2e0-d9bf-46c0-9a7f-65b880dea2bf,0
2026-05-23T21:27:05.2785881Z,Preparing deployment for commit id '3991248330'.,b15f86b5-7060-4a85-bee1-fab528857377,0
2026-05-23T21:27:05.3254627Z,Running build. Project type: OneDeploy,c60acbf2-ce07-4778-bd42-5df5ef9960fb,0
2026-05-23T21:27:05.3410901Z,Copying the manifest,e283df8b-68a4-4517-82e9-dffded0dfc50,0
2026-05-23T21:27:05.3567179Z,Clean deploying to C:\home\site\wwwroot,ee2e931e-9410-4e40-bd06-9699e9df7be3,0
2026-05-23T21:27:05.3723420Z,Generating deployment script.,612bbc5c-8de2-47a7-a9c1-79ade6480ec3,0
	2026-05-23T21:27:05.3879625Z,Using cached version of deployment script (command: 'azure -y --no-dot-deployment -r "C:\local\Temp\zipdeploy\extracted" -o "C:\home\site\deployments\tools" --basic --sitePath "C:\local\Temp\zipdeploy\extracted"').,,0
2026-05-23T21:27:05.4192128Z,Running deployment command...,affd069a-a446-4889-8f33-1aeee18d2e58,0
	2026-05-23T21:27:05.4348373Z,Command: "C:\home\site\deployments\tools\deploy.cmd",,0
	2026-05-23T21:27:05.5286056Z,Handling Basic Web Site deployment.,,0
	2026-05-23T21:27:05.6379601Z,Creating app_offline.htm,,0
	2026-05-23T21:27:05.6379601Z,KuduSync.NET from: 'C:\local\Temp\zipdeploy\extracted' to: 'C:\home\site\wwwroot',,0
	2026-05-23T21:27:05.6535869Z,Deleting app_offline.htm,,0
	2026-05-23T21:27:05.6535869Z,Finished successfully.,,0
2026-05-23T21:27:05.6692109Z,Build completed succesfully.,dbf4babe-f897-4298-9471-9777f115b955,0
2026-05-23T21:27:05.7004607Z,Running post deployment command(s)...,92cc1d34-2f9f-4fad-b3a9-a40bd89b2070,0
2026-05-23T21:27:05.7160849Z,Requesting site restart,a2da9dcb-a65e-48e0-a03b-4da0da31161d,0
2026-05-23T21:27:05.7317100Z,Requesting site restart. Attempt #1,b64078e9-660d-4701-9bee-ab5e5f4cb91d,0
2026-05-23T21:27:05.8410842Z,Successfully requested a restart. Attempt #1,133746e3-d347-4230-a3ed-2affa2909c35,0
2026-05-23T21:27:05.8567096Z,Deployment successful.,0657f3d4-e41b-414b-82f9-46a4ec4dc832,0
