2026-05-23T21:16:48.3685844Z,Updating submodules.,fa3ecd97-9cb5-4822-a57a-e7c310694e9e,0
2026-05-23T21:16:48.3998330Z,Preparing deployment for commit id '7e6279e499'.,237e449c-80ac-416e-8ced-2d1310944420,0
2026-05-23T21:16:48.4467082Z,Running build. Project type: OneDeploy,65a32001-ab68-43e1-a6ce-a5cc5cbd2293,0
2026-05-23T21:16:48.4623335Z,Copying the manifest,05c18572-fded-4773-96be-147b6958fc60,0
2026-05-23T21:16:48.4779651Z,Clean deploying to C:\home\site\wwwroot,81b32bd4-bd1b-4e8a-9676-1f0455bfe4d2,0
2026-05-23T21:16:48.4935882Z,Generating deployment script.,087ca816-fca1-4258-ac1c-0a6a9f46cb49,0
	2026-05-23T21:16:48.5404624Z,Using cached version of deployment script (command: 'azure -y --no-dot-deployment -r "C:\local\Temp\zipdeploy\extracted" -o "C:\home\site\deployments\tools" --basic --sitePath "C:\local\Temp\zipdeploy\extracted"').,,0
2026-05-23T21:16:48.5873331Z,Running deployment command...,b9e7c1f3-4c5e-4b15-875d-d378df3f5efd,0
	2026-05-23T21:16:48.5873331Z,Command: "C:\home\site\deployments\tools\deploy.cmd",,0
	2026-05-23T21:16:48.7123482Z,Handling Basic Web Site deployment.,,0
	2026-05-23T21:16:49.1356777Z,Creating app_offline.htm,,0
	2026-05-23T21:16:49.1513006Z,KuduSync.NET from: 'C:\local\Temp\zipdeploy\extracted' to: 'C:\home\site\wwwroot',,0
	2026-05-23T21:16:49.1513006Z,Deleting file: 'logs\stdout_20260523211057_11012.log',,0
	2026-05-23T21:16:49.1513006Z,Deleting directory: 'logs',,0
	2026-05-23T21:16:49.1669246Z,Deleting file: 'Api.PayBySharePay.exe',,0
	2026-05-23T21:16:49.1669246Z,Deleting file: 'appsettings.Development.json',,0
	2026-05-23T21:16:49.1825496Z,Copying file: 'Api.PayBySharePay',,0
	2026-05-23T21:16:49.1825496Z,Copying file: 'Api.PayBySharePay.deps.json',,0
	2026-05-23T21:16:49.1981732Z,Copying file: 'Api.PayBySharePay.dll',,0
	2026-05-23T21:16:49.1981732Z,Copying file: 'Api.PayBySharePay.pdb',,0
	2026-05-23T21:16:49.1981732Z,Copying file: 'Api.PayBySharePay.runtimeconfig.json',,0
	2026-05-23T21:16:49.2137996Z,Copying file: 'Api.PayBySharePay.staticwebassets.endpoints.json',,0
	2026-05-23T21:16:49.2137996Z,Copying file: 'appsettings.json',,0
	2026-05-23T21:16:49.2137996Z,Copying file: 'appsettings.Production.json',,0
	2026-05-23T21:16:49.2294281Z,Copying file: 'appsettings.Test.json',,0
	2026-05-23T21:16:49.2294281Z,Copying file: 'Azure.Core.dll',,0
	2026-05-23T21:16:49.2450497Z,Copying file: 'Azure.Identity.dll',,0
	2026-05-23T21:16:49.2450497Z,Copying file: 'DataStorage.PayBySharePay.dll',,0
	2026-05-23T21:16:49.2606762Z,Copying file: 'DataStorage.PayBySharePay.pdb',,0
	2026-05-23T21:16:49.2606762Z,Copying file: 'Microsoft.AspNetCore.Authentication.JwtBearer.dll',,0
	2026-05-23T21:16:49.2763001Z,Copying file: 'Microsoft.AspNetCore.OpenApi.dll',,0
	2026-05-23T21:16:49.2763001Z,Copying file: 'Microsoft.Bcl.AsyncInterfaces.dll',,0
	2026-05-23T21:16:49.2763001Z,Copying file: 'Microsoft.Data.SqlClient.dll',,0
	2026-05-23T21:16:49.2919243Z,Copying file: 'Microsoft.EntityFrameworkCore.Abstractions.dll',,0
	2026-05-23T21:16:49.2919243Z,Copying file: 'Microsoft.EntityFrameworkCore.dll',,0
	2026-05-23T21:16:49.2919243Z,Copying file: 'Microsoft.EntityFrameworkCore.Relational.dll',,0
	2026-05-23T21:16:49.3075496Z,Copying file: 'Microsoft.EntityFrameworkCore.SqlServer.dll',,0
	2026-05-23T21:16:49.3075496Z,Copying file: 'Microsoft.Extensions.Caching.Abstractions.dll',,0
	2026-05-23T21:16:49.3231743Z,Copying file: 'Microsoft.Extensions.Caching.Memory.dll',,0
	2026-05-23T21:16:49.3231743Z,Copying file: 'Microsoft.Extensions.Configuration.Abstractions.dll',,0
	2026-05-23T21:16:49.3231743Z,Copying file: 'Microsoft.Extensions.DependencyInjection.Abstractions.dll',,0
	2026-05-23T21:16:49.3388007Z,Copying file: 'Microsoft.Extensions.DependencyInjection.dll',,0
	2026-05-23T21:16:49.3388007Z,Copying file: 'Microsoft.Extensions.Diagnostics.Abstractions.dll',,0
	2026-05-23T21:16:49.3388007Z,Copying file: 'Microsoft.Extensions.FileProviders.Abstractions.dll',,0
	2026-05-23T21:16:49.3544243Z,Copying file: 'Microsoft.Extensions.Hosting.Abstractions.dll',,0
	2026-05-23T21:16:49.3544243Z,Copying file: 'Microsoft.Extensions.Logging.Abstractions.dll',,0
	2026-05-23T21:16:49.3700510Z,Copying file: 'Microsoft.Extensions.Logging.dll',,0
	2026-05-23T21:16:49.3700510Z,Copying file: 'Microsoft.Extensions.Options.dll',,0
	2026-05-23T21:16:49.3856739Z,Copying file: 'Microsoft.Extensions.Primitives.dll',,0
	2026-05-23T21:16:49.3856739Z,Copying file: 'Microsoft.Identity.Client.dll',,0
	2026-05-23T21:16:49.4013001Z,Copying file: 'Microsoft.Identity.Client.Extensions.Msal.dll',,0
	2026-05-23T21:16:49.4013001Z,Copying file: 'Microsoft.IdentityModel.Abstractions.dll',,0
	2026-05-23T21:16:49.4169240Z,Copying file: 'Microsoft.IdentityModel.JsonWebTokens.dll',,0
	2026-05-23T21:16:49.4169240Z,Copying file: 'Microsoft.IdentityModel.Logging.dll',,0
	2026-05-23T21:16:49.4169240Z,Copying file: 'Microsoft.IdentityModel.Protocols.dll',,0
	2026-05-23T21:16:49.4325527Z,Copying file: 'Microsoft.IdentityModel.Protocols.OpenIdConnect.dll',,0
	2026-05-23T21:16:49.4325527Z,Copying file: 'Microsoft.IdentityModel.Tokens.dll',,0
	2026-05-23T21:16:49.4325527Z,Copying file: 'Microsoft.OpenApi.dll',,0
	2026-05-23T21:16:49.4481721Z,Copying file: 'Microsoft.SqlServer.Server.dll',,0
	2026-05-23T21:16:49.4481721Z,Copying file: 'Service.PayBySharePay.dll',,0
	2026-05-23T21:16:49.4637971Z,Omitting next output lines...,,0
	2026-05-23T21:16:52.1408229Z,Finished successfully.,,0
2026-05-23T21:16:52.1720728Z,Build completed succesfully.,c01c3d96-fab5-4df3-89e9-e48489e38542,0
2026-05-23T21:16:52.1876966Z,Running post deployment command(s)...,fdbf669f-2893-4572-84e2-ef17f56f671b,0
2026-05-23T21:16:52.2033241Z,Requesting site restart,4c8d7ad7-d3e6-49a5-bdf0-0291e34ff8ec,0
2026-05-23T21:16:52.2345788Z,Requesting site restart. Attempt #1,94f99f9e-6d17-4c94-916f-72c588e2fe31,0
2026-05-23T21:16:52.5626963Z,Successfully requested a restart. Attempt #1,dfb2600e-a0c7-4c22-924c-bd3ec6d72a85,0
2026-05-23T21:16:52.5783209Z,Deployment successful.,676a169b-3d01-49e6-8aa2-2ecd5112fc87,0
