2026-05-23T21:26:43.9326370Z,Updating submodules.,e182872c-5320-427a-a4e3-d8a9c44a0f2f,0
2026-05-23T21:26:43.9638871Z,Preparing deployment for commit id 'f6d50ee6fd'.,600db023-d412-4a87-b4ad-430396268fe4,0
2026-05-23T21:26:44.0420129Z,Running build. Project type: OneDeploy,73c0fcdf-1940-48ce-9819-6fd749c74496,0
2026-05-23T21:26:44.0576391Z,Copying the manifest,a0490dab-8043-4ba5-ae53-64e9c3213e44,0
2026-05-23T21:26:44.0888873Z,Clean deploying to C:\home\site\wwwroot,587c7c49-5bdd-46f7-aca2-15a8fd9d4814,0
2026-05-23T21:26:44.1046783Z,Generating deployment script.,8ddfed35-1169-47f4-98fb-8a8440d48cc4,0
	2026-05-23T21:26:44.1357642Z,Using cached version of deployment script (command: 'azure -y --no-dot-deployment -r "C:\local\Temp\zipdeploy\extracted" -o "C:\home\site\deployments\tools" --basic --sitePath "C:\local\Temp\zipdeploy\extracted"').,,0
2026-05-23T21:26:44.1826374Z,Running deployment command...,a694903b-b8a5-4f96-ba33-722fcab63514,0
	2026-05-23T21:26:44.1826374Z,Command: "C:\home\site\deployments\tools\deploy.cmd",,0
	2026-05-23T21:26:44.3076376Z,Handling Basic Web Site deployment.,,0
	2026-05-23T21:26:44.6982635Z,Creating app_offline.htm,,0
	2026-05-23T21:26:44.6982635Z,KuduSync.NET from: 'C:\local\Temp\zipdeploy\extracted' to: 'C:\home\site\wwwroot',,0
	2026-05-23T21:26:44.7138844Z,Deleting file: 'logs\stdout_20260523212257_1164.log',,0
	2026-05-23T21:26:44.7138844Z,Deleting file: 'logs\stdout_20260523212551_8984.log',,0
	2026-05-23T21:26:44.7138844Z,Deleting directory: 'logs',,0
	2026-05-23T21:26:44.7295088Z,Copying file: 'appsettings.Test.json',,0
	2026-05-23T21:26:44.7295088Z,Deleting app_offline.htm,,0
	2026-05-23T21:26:44.7295088Z,Finished successfully.,,0
2026-05-23T21:26:44.7607589Z,Build completed succesfully.,ff2455c5-6ae6-457e-8a23-b9281580efb6,0
2026-05-23T21:26:44.7763836Z,Running post deployment command(s)...,aa99db0e-807f-4f81-95ef-4a1d688ab301,0
2026-05-23T21:26:44.7920097Z,Requesting site restart,43340916-99a0-4a8f-b584-b60ec0fc5b9b,0
2026-05-23T21:26:44.8076337Z,Requesting site restart. Attempt #1,c4a54cf2-c606-4bb7-b004-4af6469abff5,0
2026-05-23T21:26:45.1045649Z,Successfully requested a restart. Attempt #1,8d9f384b-a605-4120-8ded-3e3a41eb0257,0
2026-05-23T21:26:45.1357593Z,Deployment successful.,5688c10d-f4fe-4840-a443-52f6ce5dcd1c,0
