2026-05-23T20:59:58.6383415Z,Updating submodules.,9d40ef10-8202-453b-9324-d5f8eaf8c5b5,0
2026-05-23T20:59:58.6539644Z,Preparing deployment for commit id '0cf880313a'.,43d64686-d5c6-4590-93db-358d21ab0202,0
2026-05-23T20:59:58.7008386Z,Running build. Project type: OneDeploy,71164c98-f9c3-4342-852f-70858236f1d2,0
2026-05-23T20:59:58.7164640Z,Copying the manifest,26ee027c-3131-48d4-948e-87a5268101d2,0
2026-05-23T20:59:58.7477161Z,Clean deploying to C:\home\site\wwwroot,0a947c06-bc19-4571-ae89-1f0db12d2bf2,0
2026-05-23T20:59:58.7633391Z,Generating deployment script.,41bb4b7e-a7a6-4221-89cc-ea3f36145e12,0
	2026-05-23T20:59:58.8102252Z,Using cached version of deployment script (command: 'azure -y --no-dot-deployment -r "C:\local\Temp\zipdeploy\extracted" -o "C:\home\site\deployments\tools" --basic --sitePath "C:\local\Temp\zipdeploy\extracted"').,,0
2026-05-23T20:59:58.8414648Z,Running deployment command...,0bc7ab94-72ce-47d8-81b1-c0d92c592b8c,0
	2026-05-23T20:59:58.8414648Z,Command: "C:\home\site\deployments\tools\deploy.cmd",,0
	2026-05-23T20:59:58.9664645Z,Handling Basic Web Site deployment.,,0
	2026-05-23T21:00:01.8102042Z,Creating app_offline.htm,,0
	2026-05-23T21:00:01.8102042Z,KuduSync.NET from: 'C:\local\Temp\zipdeploy\extracted' to: 'C:\home\site\wwwroot',,0
	2026-05-23T21:00:01.8258300Z,Deleting file: 'logs\stdout_20260523204732_7760.log',,0
	2026-05-23T21:00:01.8258300Z,Deleting file: 'logs\stdout_20260523204944_2212.log',,0
	2026-05-23T21:00:01.8258300Z,Deleting file: 'logs\stdout_20260523205922_764.log',,0
	2026-05-23T21:00:01.8414571Z,Deleting directory: 'logs',,0
	2026-05-23T21:00:01.8414571Z,Copying file: 'Api.PayBySharePay.dll',,0
	2026-05-23T21:00:01.8570798Z,Copying file: 'Api.PayBySharePay.exe',,0
	2026-05-23T21:00:01.8570798Z,Copying file: 'Api.PayBySharePay.pdb',,0
	2026-05-23T21:00:01.8570798Z,Copying file: 'DataStorage.PayBySharePay.dll',,0
	2026-05-23T21:00:01.8727057Z,Copying file: 'DataStorage.PayBySharePay.pdb',,0
	2026-05-23T21:00:01.8727057Z,Copying file: 'Service.PayBySharePay.dll',,0
	2026-05-23T21:00:01.8883316Z,Copying file: 'Service.PayBySharePay.pdb',,0
	2026-05-23T21:00:01.8883316Z,Deleting app_offline.htm,,0
	2026-05-23T21:00:01.8883316Z,Finished successfully.,,0
2026-05-23T21:00:01.9195783Z,Build completed succesfully.,5dedd46f-5f44-41e5-90eb-1c094bcd7531,0
2026-05-23T21:00:01.9352047Z,Running post deployment command(s)...,5d929a1a-4a62-47ef-8467-cfdacec12484,0
2026-05-23T21:00:01.9664616Z,Requesting site restart,b379fb9b-52c6-416d-8d21-056b69278841,0
2026-05-23T21:00:01.9820887Z,Requesting site restart. Attempt #1,598e0bd0-120e-474f-af38-65d5a11c1f42,0
2026-05-23T21:00:02.3102054Z,Successfully requested a restart. Attempt #1,def81fb0-5511-4c36-9d87-ec8de8d39baf,0
2026-05-23T21:00:02.3258282Z,Deployment successful.,1a74d7d6-8d17-4b63-a2ee-a26ecb8aef57,0
