2026-05-23T21:22:34.8699754Z,Updating submodules.,ff6e425d-76b0-43bd-a382-536c2d6c4d6a,0
2026-05-23T21:22:34.9012324Z,Preparing deployment for commit id 'd0af17701a'.,63f1e06c-78f8-4417-b4ab-8ffedef1b9ab,0
2026-05-23T21:22:34.9324723Z,Running build. Project type: OneDeploy,b875ead3-6039-4024-9d9d-2cbbc2a92bac,0
2026-05-23T21:22:34.9480971Z,Copying the manifest,a0273dbb-0cf0-49b0-b389-8526bdda2c41,0
2026-05-23T21:22:34.9793502Z,Clean deploying to C:\home\site\wwwroot,ec6270cb-b847-439f-968a-c040b478a85d,0
2026-05-23T21:22:34.9949737Z,Generating deployment script.,297c6699-ee2b-4b3b-8504-ccb3616845df,0
	2026-05-23T21:22:34.9949737Z,Using cached version of deployment script (command: 'azure -y --no-dot-deployment -r "C:\local\Temp\zipdeploy\extracted" -o "C:\home\site\deployments\tools" --basic --sitePath "C:\local\Temp\zipdeploy\extracted"').,,0
2026-05-23T21:22:35.0418461Z,Running deployment command...,32bd55c1-58eb-49e1-b3ca-f117ed649874,0
	2026-05-23T21:22:35.0418461Z,Command: "C:\home\site\deployments\tools\deploy.cmd",,0
	2026-05-23T21:22:35.1512224Z,Handling Basic Web Site deployment.,,0
	2026-05-23T21:22:35.5262195Z,Creating app_offline.htm,,0
	2026-05-23T21:22:35.5418481Z,KuduSync.NET from: 'C:\local\Temp\zipdeploy\extracted' to: 'C:\home\site\wwwroot',,0
	2026-05-23T21:22:35.5418481Z,Deleting file: 'logs\stdout_20260523212159_5360.log',,0
	2026-05-23T21:22:35.5418481Z,Deleting directory: 'logs',,0
	2026-05-23T21:22:35.5574697Z,Deleting app_offline.htm,,0
	2026-05-23T21:22:35.5574697Z,Finished successfully.,,0
2026-05-23T21:22:35.5730944Z,Build completed succesfully.,94b1ec2d-eea2-43ed-904e-de3c88195894,0
2026-05-23T21:22:35.5887194Z,Running post deployment command(s)...,f89fd474-8f07-4408-b45e-0b80c307fb54,0
2026-05-23T21:22:35.6199691Z,Requesting site restart,6cfb1853-3440-4790-9d43-a98a3f0d3512,0
2026-05-23T21:22:35.6355944Z,Requesting site restart. Attempt #1,596290c7-9170-4174-913f-8fa38e34698f,0
2026-05-23T21:22:35.6980957Z,Successfully requested a restart. Attempt #1,b758d0a2-0d0a-4883-a40c-7ef7bf0f6a38,0
2026-05-23T21:22:35.7293439Z,Deployment successful.,a02bfe8d-06b8-4645-9382-61f1c95afbdc,0
