2026-05-23T21:03:14.4173081Z,Updating submodules.,2bb3853c-b873-45e7-a1b9-36ee23e6cc87,0
2026-05-23T21:03:14.4485568Z,Preparing deployment for commit id '3c7d255afd'.,463edc89-a5c8-4bde-9855-f834c96e2a9e,0
2026-05-23T21:03:14.4954318Z,Running build. Project type: OneDeploy,3ff4ab0c-036b-403e-9997-b47d5fd9bd1b,0
2026-05-23T21:03:14.5110637Z,Copying the manifest,29f5bce9-3f77-4ff5-949f-2a76095af7cf,0
2026-05-23T21:03:14.5423065Z,Clean deploying to C:\home\site\wwwroot,a18876db-9fd1-470b-b60a-d2bd93b5f89d,0
2026-05-23T21:03:14.5579313Z,Generating deployment script.,201767ea-18db-4a6f-87dc-8f4c07676103,0
	2026-05-23T21:03:14.6048086Z,Using cached version of deployment script (command: 'azure -y --no-dot-deployment -r "C:\local\Temp\zipdeploy\extracted" -o "C:\home\site\deployments\tools" --basic --sitePath "C:\local\Temp\zipdeploy\extracted"').,,0
2026-05-23T21:03:14.6360557Z,Running deployment command...,c863419f-6a2a-43ed-b2d6-46408d9daf71,0
	2026-05-23T21:03:14.6516824Z,Command: "C:\home\site\deployments\tools\deploy.cmd",,0
	2026-05-23T21:03:14.7766806Z,Handling Basic Web Site deployment.,,0
	2026-05-23T21:03:14.9016814Z,Creating app_offline.htm,,0
	2026-05-23T21:03:14.9016814Z,KuduSync.NET from: 'C:\local\Temp\zipdeploy\extracted' to: 'C:\home\site\wwwroot',,0
	2026-05-23T21:03:14.9016814Z,Deleting file: 'logs\stdout_20260523210124_10376.log',,0
	2026-05-23T21:03:14.9173049Z,Deleting directory: 'logs',,0
	2026-05-23T21:03:14.9173049Z,Copying file: 'Api.PayBySharePay.dll',,0
	2026-05-23T21:03:14.9329294Z,Copying file: 'Api.PayBySharePay.exe',,0
	2026-05-23T21:03:14.9329294Z,Copying file: 'Api.PayBySharePay.pdb',,0
	2026-05-23T21:03:14.9329294Z,Deleting app_offline.htm,,0
	2026-05-23T21:03:14.9485540Z,Finished successfully.,,0
2026-05-23T21:03:14.9641796Z,Build completed succesfully.,ad960f0a-44a5-44ab-bb74-3f3319a11cff,0
2026-05-23T21:03:14.9798072Z,Running post deployment command(s)...,ed6b6434-3d0e-4505-a3f7-a021bcf2cc95,0
2026-05-23T21:03:15.0110542Z,Requesting site restart,1bd51f0c-2f0d-45a2-88a5-0e9c678c5cc7,0
2026-05-23T21:03:15.0266797Z,Requesting site restart. Attempt #1,4a286742-0455-4d17-be73-068622022e11,0
2026-05-23T21:03:15.3391829Z,Successfully requested a restart. Attempt #1,7e811d46-4fe6-452c-8992-734772eeeb2a,0
2026-05-23T21:03:15.3548032Z,Deployment successful.,05f349a3-4204-4264-a705-62e3ea8cb99e,0
